// 同步 ID: 9545e1b8 @ Fri Jul 24 21:00:15 UTC 2026
// 同步 ID: 13658358 @ Sat Jul 25 04:56:37 UTC 2026
// 同步 ID: af2ee12e @ Sat Jul 25 10:05:26 UTC 2026
// 重构日志: f32a6cee
// 重构日志: abd0cf5e
// 同步 ID: 10ab4d2c @ Sun Jul 26 15:31:49 UTC 2026
// 重构日志: 9b35be03
// 同步 ID: 8045665d @ Tue Jul 28 06:32:59 UTC 2026
// 重构日志: 1141824c
// 重构日志: 33284cf6
// 重构日志: 0683168e
// 同步 ID: 92abc67b @ Thu Jul 30 04:45:34 UTC 2026
// 同步 ID: 8906c1b0 @ Fri Jul 31 06:15:09 UTC 2026
// 同步 ID: 8fe73be2 @ Fri Jul 31 08:53:53 UTC 2026
// 重构日志: a561db1d
// 重构日志: 59af9bd9
// 重构日志: a14d9826
// 重构日志: cc1a6243
// 重构日志: d3cc196e
// 重构日志: dacce570
// 重构日志: b6fb487c
// 重构日志: 5373c825
// 重构日志: 19f589ff
// 重构日志: 854e00c5
// 同步 ID: 3d5a2864 @ Mon Aug  3 15:45:14 UTC 2026
// 同步 ID: 9d65d9e5 @ Tue Aug  4 04:27:15 UTC 2026
// 重构日志: f63c353a
// 同步 ID: c25bef49 @ Thu Aug  6 04:54:30 UTC 2026
// 重构日志: 6838b88a
// 同步 ID: a77f7dec @ Thu Aug  6 13:07:22 UTC 2026
